0001   0000             ;----------------------------------------------------
0002   0000             ; Project: Add two 8 bit numbers
0003   0000             ; Main File: 8bit-add.asm
0004   0000             ;----------------------------------------------------
0005   0000             
0006   2000             		.ORG 2000H
0007   2000             ;
0008   2000             ;********************* MAIN ***************************************
0009   2000 3A 0D 20    		LD A,(ADR1)	;LOAD OPERATOR 1 IN A
0010   2003 21 0E 20    		LD HL,ADR2	;LOAD ADDRESS OF OPERATOR 2 INTO HL
0011   2006 86          		ADD A,(HL)	;ADD OPERATOR 2 TO OPERATOR 1
0012   2007             		; The result will be at 200FH
0013   2007 32 0F 20    		LD (ADR3),A	;SAVE RESULT IN A TO ADDRESS ADR3
0014   200A 0E 00       		LD C,00H
0015   200C F7          		RST 30H
0016   200D             ;------------------------------------------------------------------
0017   200D             ;
0018   200D             ;******************************************************************
0019   200D             ; DATA
0020   200D             ;******************************************************************
0021   200D 22          ADR1:		.DB 22H		;OPERATOR 1
0022   200E 33          ADR2:		.DB 33H		;OPERATOR 2
0023   200F 00          ADR3		.DB 00H		;RESULT
0024   2010             ;------------------------------------------------------------------
0025   2010             
0026   2010             		.ENDtasm: Number of errors = 0
